{
    "haemophilus_influenzae genome [fna_gz]": {
        "content": [
            [
                [
                    {
                        "id": "test",
                        "single_end": false
                    },
                    "test.summary_matches.txt:md5,280f6bc15946bbda112fceaff46cf7b9"
                ]
            ],
            [
                [
                    {
                        "id": "test",
                        "single_end": false
                    },
                    "test.summary_partials.txt:md5,8eda6b2f05971cd89cd3137c02f01b88"
                ]
            ],
            [
                [
                    {
                        "id": "test",
                        "single_end": false
                    },
                    "test.summary_virulence.txt:md5,8eda6b2f05971cd89cd3137c02f01b88"
                ]
            ],
            [
                [
                    {
                        "id": "test",
                        "single_end": false
                    },
                    "test.amrfinder.out:md5,9375d1bb285ffa505f82e7cf18c9f9f8"
                ]
            ],
            [

            ],
            [
                "versions.yml:md5,763ada34dd99832aebcc535acacdc3d1"
            ],
            {
                "ABRITAMR_RUN": "1.0.19"
            }
        ],
        "meta": {
            "nf-test": "0.9.2",
            "nextflow": "24.10.2"
        },
        "timestamp": "2024-12-07T11:46:19.664672353"
    },
    "haemophilus_influenzae genome [fna_gz] - stub": {
        "content": [
            [
                [
                    {
                        "id": "test",
                        "single_end": false
                    },
                    "test.summary_matches.txt:md5,d41d8cd98f00b204e9800998ecf8427e"
                ]
            ],
            [
                [
                    {
                        "id": "test",
                        "single_end": false
                    },
                    "test.summary_partials.txt:md5,d41d8cd98f00b204e9800998ecf8427e"
                ]
            ],
            [
                [
                    {
                        "id": "test",
                        "single_end": false
                    },
                    "test.summary_virulence.txt:md5,d41d8cd98f00b204e9800998ecf8427e"
                ]
            ],
            [
                [
                    {
                        "id": "test",
                        "single_end": false
                    },
                    "test.amrfinder.out:md5,d41d8cd98f00b204e9800998ecf8427e"
                ]
            ],
            [

            ],
            [
                "versions.yml:md5,763ada34dd99832aebcc535acacdc3d1"
            ],
            {
                "ABRITAMR_RUN": "1.0.19"
            }
        ],
        "meta": {
            "nf-test": "0.9.2",
            "nextflow": "24.10.2"
        },
        "timestamp": "2024-12-07T11:46:26.743995718"
    }
}
